Archive member included to satisfy reference by file (symbol)

c:/st/stm32cubeide_1.9.0/stm32cubeide/plugins/com.st.stm32cube.ide.mcu.externaltools.gnu-tools-for-stm32.10.3-2021.10.win32_1.0.0.202111181127/tools/bin/../lib/gcc/arm-none-eabi/10.3.1/../../../../arm-none-eabi/lib/thumb/v7e-m+fp/hard\libc_nano.a(lib_a-errno.o)
                              ./Core/Src/syscalls.o (__errno)
c:/st/stm32cubeide_1.9.0/stm32cubeide/plugins/com.st.stm32cube.ide.mcu.externaltools.gnu-tools-for-stm32.10.3-2021.10.win32_1.0.0.202111181127/tools/bin/../lib/gcc/arm-none-eabi/10.3.1/../../../../arm-none-eabi/lib/thumb/v7e-m+fp/hard\libc_nano.a(lib_a-exit.o)
                              c:/st/stm32cubeide_1.9.0/stm32cubeide/plugins/com.st.stm32cube.ide.mcu.externaltools.gnu-tools-for-stm32.10.3-2021.10.win32_1.0.0.202111181127/tools/bin/../lib/gcc/arm-none-eabi/10.3.1/../../../../arm-none-eabi/lib/thumb/v7e-m+fp/hard/crt0.o (exit)
c:/st/stm32cubeide_1.9.0/stm32cubeide/plugins/com.st.stm32cube.ide.mcu.externaltools.gnu-tools-for-stm32.10.3-2021.10.win32_1.0.0.202111181127/tools/bin/../lib/gcc/arm-none-eabi/10.3.1/../../../../arm-none-eabi/lib/thumb/v7e-m+fp/hard\libc_nano.a(lib_a-impure.o)
                              c:/st/stm32cubeide_1.9.0/stm32cubeide/plugins/com.st.stm32cube.ide.mcu.externaltools.gnu-tools-for-stm32.10.3-2021.10.win32_1.0.0.202111181127/tools/bin/../lib/gcc/arm-none-eabi/10.3.1/../../../../arm-none-eabi/lib/thumb/v7e-m+fp/hard\libc_nano.a(lib_a-exit.o) (_global_impure_ptr)
c:/st/stm32cubeide_1.9.0/stm32cubeide/plugins/com.st.stm32cube.ide.mcu.externaltools.gnu-tools-for-stm32.10.3-2021.10.win32_1.0.0.202111181127/tools/bin/../lib/gcc/arm-none-eabi/10.3.1/../../../../arm-none-eabi/lib/thumb/v7e-m+fp/hard\libc_nano.a(lib_a-init.o)
                              c:/st/stm32cubeide_1.9.0/stm32cubeide/plugins/com.st.stm32cube.ide.mcu.externaltools.gnu-tools-for-stm32.10.3-2021.10.win32_1.0.0.202111181127/tools/bin/../lib/gcc/arm-none-eabi/10.3.1/../../../../arm-none-eabi/lib/thumb/v7e-m+fp/hard/crt0.o (__libc_init_array)
c:/st/stm32cubeide_1.9.0/stm32cubeide/plugins/com.st.stm32cube.ide.mcu.externaltools.gnu-tools-for-stm32.10.3-2021.10.win32_1.0.0.202111181127/tools/bin/../lib/gcc/arm-none-eabi/10.3.1/../../../../arm-none-eabi/lib/thumb/v7e-m+fp/hard\libc_nano.a(lib_a-memset.o)
                              c:/st/stm32cubeide_1.9.0/stm32cubeide/plugins/com.st.stm32cube.ide.mcu.externaltools.gnu-tools-for-stm32.10.3-2021.10.win32_1.0.0.202111181127/tools/bin/../lib/gcc/arm-none-eabi/10.3.1/../../../../arm-none-eabi/lib/thumb/v7e-m+fp/hard/crt0.o (memset)

Discarded input sections

 .text          0x0000000000000000        0x0 c:/st/stm32cubeide_1.9.0/stm32cubeide/plugins/com.st.stm32cube.ide.mcu.externaltools.gnu-tools-for-stm32.10.3-2021.10.win32_1.0.0.202111181127/tools/bin/../lib/gcc/arm-none-eabi/10.3.1/thumb/v7e-m+fp/hard/crti.o
 .data          0x0000000000000000        0x0 c:/st/stm32cubeide_1.9.0/stm32cubeide/plugins/com.st.stm32cube.ide.mcu.externaltools.gnu-tools-for-stm32.10.3-2021.10.win32_1.0.0.202111181127/tools/bin/../lib/gcc/arm-none-eabi/10.3.1/thumb/v7e-m+fp/hard/crti.o
 .bss           0x0000000000000000        0x0 c:/st/stm32cubeide_1.9.0/stm32cubeide/plugins/com.st.stm32cube.ide.mcu.externaltools.gnu-tools-for-stm32.10.3-2021.10.win32_1.0.0.202111181127/tools/bin/../lib/gcc/arm-none-eabi/10.3.1/thumb/v7e-m+fp/hard/crti.o
 .data          0x0000000000000000        0x4 c:/st/stm32cubeide_1.9.0/stm32cubeide/plugins/com.st.stm32cube.ide.mcu.externaltools.gnu-tools-for-stm32.10.3-2021.10.win32_1.0.0.202111181127/tools/bin/../lib/gcc/arm-none-eabi/10.3.1/thumb/v7e-m+fp/hard/crtbegin.o
 .rodata        0x0000000000000000       0x24 c:/st/stm32cubeide_1.9.0/stm32cubeide/plugins/com.st.stm32cube.ide.mcu.externaltools.gnu-tools-for-stm32.10.3-2021.10.win32_1.0.0.202111181127/tools/bin/../lib/gcc/arm-none-eabi/10.3.1/thumb/v7e-m+fp/hard/crtbegin.o
 .text          0x0000000000000000       0x7c c:/st/stm32cubeide_1.9.0/stm32cubeide/plugins/com.st.stm32cube.ide.mcu.externaltools.gnu-tools-for-stm32.10.3-2021.10.win32_1.0.0.202111181127/tools/bin/../lib/gcc/arm-none-eabi/10.3.1/../../../../arm-none-eabi/lib/thumb/v7e-m+fp/hard/crt0.o
 .data          0x0000000000000000        0x0 c:/st/stm32cubeide_1.9.0/stm32cubeide/plugins/com.st.stm32cube.ide.mcu.externaltools.gnu-tools-for-stm32.10.3-2021.10.win32_1.0.0.202111181127/tools/bin/../lib/gcc/arm-none-eabi/10.3.1/../../../../arm-none-eabi/lib/thumb/v7e-m+fp/hard/crt0.o
 .bss           0x0000000000000000        0x0 c:/st/stm32cubeide_1.9.0/stm32cubeide/plugins/com.st.stm32cube.ide.mcu.externaltools.gnu-tools-for-stm32.10.3-2021.10.win32_1.0.0.202111181127/tools/bin/../lib/gcc/arm-none-eabi/10.3.1/../../../../arm-none-eabi/lib/thumb/v7e-m+fp/hard/crt0.o
[...]
Memory Configuration

Name             Origin             Length             Attributes
CCMRAM           0x0000000010000000 0x0000000000004000 xrw
RAM              0x0000000020000000 0x0000000000010000 xrw
FLASH            0x0000000008000000 0x0000000000080000 xr
*default*        0x0000000000000000 0xffffffffffffffff

Linker script and memory map

LOAD c:/st/stm32cubeide_1.9.0/stm32cubeide/plugins/com.st.stm32cube.ide.mcu.externaltools.gnu-tools-for-stm32.10.3-2021.10.win32_1.0.0.202111181127/tools/bin/../lib/gcc/arm-none-eabi/10.3.1/thumb/v7e-m+fp/hard/crti.o
LOAD c:/st/stm32cubeide_1.9.0/stm32cubeide/plugins/com.st.stm32cube.ide.mcu.externaltools.gnu-tools-for-stm32.10.3-2021.10.win32_1.0.0.202111181127/tools/bin/../lib/gcc/arm-none-eabi/10.3.1/thumb/v7e-m+fp/hard/crtbegin.o
LOAD c:/st/stm32cubeide_1.9.0/stm32cubeide/plugins/com.st.stm32cube.ide.mcu.externaltools.gnu-tools-for-stm32.10.3-2021.10.win32_1.0.0.202111181127/tools/bin/../lib/gcc/arm-none-eabi/10.3.1/../../../../arm-none-eabi/lib/thumb/v7e-m+fp/hard/crt0.o
LOAD ./Core/Src/dma.o
LOAD ./Core/Src/gpio.o
LOAD ./Core/Src/main.o
LOAD ./Core/Src/stm32f3xx_hal_msp.o
LOAD ./Core/Src/stm32f3xx_it.o
LOAD ./Core/Src/syscalls.o
LOAD ./Core/Src/sysmem.o
LOAD ./Core/Src/system_stm32f3xx.o
LOAD ./Core/Src/usart.o
LOAD ./Core/Startup/startup_stm32f303retx.o
LOAD ./Drivers/STM32F3xx_HAL_Driver/Src/stm32f3xx_hal.o
LOAD ./Drivers/STM32F3xx_HAL_Driver/Src/stm32f3xx_hal_cortex.o
LOAD ./Drivers/STM32F3xx_HAL_Driver/Src/stm32f3xx_hal_dma.o
LOAD ./Drivers/STM32F3xx_HAL_Driver/Src/stm32f3xx_hal_exti.o
LOAD ./Drivers/STM32F3xx_HAL_Driver/Src/stm32f3xx_hal_flash.o
LOAD ./Drivers/STM32F3xx_HAL_Driver/Src/stm32f3xx_hal_flash_ex.o
LOAD ./Drivers/STM32F3xx_HAL_Driver/Src/stm32f3xx_hal_gpio.o
LOAD ./Drivers/STM32F3xx_HAL_Driver/Src/stm32f3xx_hal_i2c.o
LOAD ./Drivers/STM32F3xx_HAL_Driver/Src/stm32f3xx_hal_i2c_ex.o
LOAD ./Drivers/STM32F3xx_HAL_Driver/Src/stm32f3xx_hal_pwr.o
LOAD ./Drivers/STM32F3xx_HAL_Driver/Src/stm32f3xx_hal_pwr_ex.o
LOAD ./Drivers/STM32F3xx_HAL_Driver/Src/stm32f3xx_hal_rcc.o
LOAD ./Drivers/STM32F3xx_HAL_Driver/Src/stm32f3xx_hal_rcc_ex.o
LOAD ./Drivers/STM32F3xx_HAL_Driver/Src/stm32f3xx_hal_tim.o
LOAD ./Drivers/STM32F3xx_HAL_Driver/Src/stm32f3xx_hal_tim_ex.o
LOAD ./Drivers/STM32F3xx_HAL_Driver/Src/stm32f3xx_hal_uart.o
LOAD ./Drivers/STM32F3xx_HAL_Driver/Src/stm32f3xx_hal_uart_ex.o
START GROUP
LOAD c:/st/stm32cubeide_1.9.0/stm32cubeide/plugins/com.st.stm32cube.ide.mcu.externaltools.gnu-tools-for-stm32.10.3-2021.10.win32_1.0.0.202111181127/tools/bin/../lib/gcc/arm-none-eabi/10.3.1/../../../../arm-none-eabi/lib/thumb/v7e-m+fp/hard\libc_nano.a
LOAD c:/st/stm32cubeide_1.9.0/stm32cubeide/plugins/com.st.stm32cube.ide.mcu.externaltools.gnu-tools-for-stm32.10.3-2021.10.win32_1.0.0.202111181127/tools/bin/../lib/gcc/arm-none-eabi/10.3.1/../../../../arm-none-eabi/lib/thumb/v7e-m+fp/hard\libm.a
END GROUP
START GROUP
LOAD c:/st/stm32cubeide_1.9.0/stm32cubeide/plugins/com.st.stm32cube.ide.mcu.externaltools.gnu-tools-for-stm32.10.3-2021.10.win32_1.0.0.202111181127/tools/bin/../lib/gcc/arm-none-eabi/10.3.1/thumb/v7e-m+fp/hard\libgcc.a
LOAD c:/st/stm32cubeide_1.9.0/stm32cubeide/plugins/com.st.stm32cube.ide.mcu.externaltools.gnu-tools-for-stm32.10.3-2021.10.win32_1.0.0.202111181127/tools/bin/../lib/gcc/arm-none-eabi/10.3.1/../../../../arm-none-eabi/lib/thumb/v7e-m+fp/hard\libc_nano.a
END GROUP
START GROUP
LOAD c:/st/stm32cubeide_1.9.0/stm32cubeide/plugins/com.st.stm32cube.ide.mcu.externaltools.gnu-tools-for-stm32.10.3-2021.10.win32_1.0.0.202111181127/tools/bin/../lib/gcc/arm-none-eabi/10.3.1/thumb/v7e-m+fp/hard\libgcc.a
LOAD c:/st/stm32cubeide_1.9.0/stm32cubeide/plugins/com.st.stm32cube.ide.mcu.externaltools.gnu-tools-for-stm32.10.3-2021.10.win32_1.0.0.202111181127/tools/bin/../lib/gcc/arm-none-eabi/10.3.1/../../../../arm-none-eabi/lib/thumb/v7e-m+fp/hard\libc_nano.a
LOAD c:/st/stm32cubeide_1.9.0/stm32cubeide/plugins/com.st.stm32cube.ide.mcu.externaltools.gnu-tools-for-stm32.10.3-2021.10.win32_1.0.0.202111181127/tools/bin/../lib/gcc/arm-none-eabi/10.3.1/../../../../arm-none-eabi/lib/thumb/v7e-m+fp/hard\libnosys.a
END GROUP
START GROUP
LOAD c:/st/stm32cubeide_1.9.0/stm32cubeide/plugins/com.st.stm32cube.ide.mcu.externaltools.gnu-tools-for-stm32.10.3-2021.10.win32_1.0.0.202111181127/tools/bin/../lib/gcc/arm-none-eabi/10.3.1/thumb/v7e-m+fp/hard\libgcc.a
LOAD c:/st/stm32cubeide_1.9.0/stm32cubeide/plugins/com.st.stm32cube.ide.mcu.externaltools.gnu-tools-for-stm32.10.3-2021.10.win32_1.0.0.202111181127/tools/bin/../lib/gcc/arm-none-eabi/10.3.1/../../../../arm-none-eabi/lib/thumb/v7e-m+fp/hard\libc_nano.a
LOAD c:/st/stm32cubeide_1.9.0/stm32cubeide/plugins/com.st.stm32cube.ide.mcu.externaltools.gnu-tools-for-stm32.10.3-2021.10.win32_1.0.0.202111181127/tools/bin/../lib/gcc/arm-none-eabi/10.3.1/../../../../arm-none-eabi/lib/thumb/v7e-m+fp/hard\libnosys.a
END GROUP
LOAD c:/st/stm32cubeide_1.9.0/stm32cubeide/plugins/com.st.stm32cube.ide.mcu.externaltools.gnu-tools-for-stm32.10.3-2021.10.win32_1.0.0.202111181127/tools/bin/../lib/gcc/arm-none-eabi/10.3.1/thumb/v7e-m+fp/hard/crtend.o
LOAD c:/st/stm32cubeide_1.9.0/stm32cubeide/plugins/com.st.stm32cube.ide.mcu.externaltools.gnu-tools-for-stm32.10.3-2021.10.win32_1.0.0.202111181127/tools/bin/../lib/gcc/arm-none-eabi/10.3.1/thumb/v7e-m+fp/hard/crtn.o
                0x0000000020010000                _estack = (ORIGIN (RAM) + LENGTH (RAM))
                0x0000000000000200                _Min_Heap_Size = 0x200
                0x0000000000000400                _Min_Stack_Size = 0x400

.isr_vector     0x0000000008000000      0x194
                0x0000000008000000                . = ALIGN (0x4)
 *(.isr_vector)
 .isr_vector    0x0000000008000000      0x194 ./Core/Startup/startup_stm32f303retx.o
                0x0000000008000000                g_pfnVectors
                0x0000000008000194                . = ALIGN (0x4)

.text           0x0000000008000194     0x3f5c
                0x0000000008000194                . = ALIGN (0x4)
 *(.text)
 .text          0x0000000008000194       0x40 c:/st/stm32cubeide_1.9.0/stm32cubeide/plugins/com.st.stm32cube.ide.mcu.externaltools.gnu-tools-for-stm32.10.3-2021.10.win32_1.0.0.202111181127/tools/bin/../lib/gcc/arm-none-eabi/10.3.1/thumb/v7e-m+fp/hard/crtbegin.o
 *(.text*)
 .text.MX_DMA_Init
                0x00000000080001d4       0x4c ./Core/Src/dma.o
                0x00000000080001d4                MX_DMA_Init
 .text.MX_GPIO_Init
                0x0000000008000220       0xdc ./Core/Src/gpio.o
                0x0000000008000220                MX_GPIO_Init
 .text.HAL_UART_TxHalfCpltCallback
                0x00000000080002fc       0x38 ./Core/Src/main.o
                0x00000000080002fc                HAL_UART_TxHalfCpltCallback
 .text.HAL_UART_TxCpltCallback
                0x0000000008000334       0x38 ./Core/Src/main.o
                0x0000000008000334                HAL_UART_TxCpltCallback
 .text.HAL_UART_RxHalfCpltCallback
                0x000000000800036c       0x14 ./Core/Src/main.o
                0x000000000800036c                HAL_UART_RxHalfCpltCallback
 .text.HAL_UART_RxCpltCallback
                0x0000000008000380       0x24 ./Core/Src/main.o
                0x0000000008000380                HAL_UART_RxCpltCallback
 .text.main     0x00000000080003a4       0x2c ./Core/Src/main.o
                0x00000000080003a4                main
 .text.SystemClock_Config
                0x00000000080003d0       0xbc ./Core/Src/main.o
                0x00000000080003d0                SystemClock_Config
 .text.HAL_GPIO_EXTI_Callback
                0x000000000800048c       0x2c ./Core/Src/main.o
                0x000000000800048c                HAL_GPIO_EXTI_Callback
 .text.Error_Handler
                0x00000000080004b8        0xa ./Core/Src/main.o
                0x00000000080004b8                Error_Handler
 *fill*         0x00000000080004c2        0x2 
 .text.HAL_MspInit
                0x00000000080004c4       0x48 ./Core/Src/stm32f3xx_hal_msp.o
                0x00000000080004c4                HAL_MspInit
 .text.NMI_Handler
                0x000000000800050c        0x6 ./Core/Src/stm32f3xx_it.o
                0x000000000800050c                NMI_Handler
 .text.HardFault_Handler
                0x0000000008000512        0x6 ./Core/Src/stm32f3xx_it.o
                0x0000000008000512                HardFault_Handler
 .text.MemManage_Handler
                0x0000000008000518        0x6 ./Core/Src/stm32f3xx_it.o
                0x0000000008000518                MemManage_Handler
 .text.BusFault_Handler
                0x000000000800051e        0x6 ./Core/Src/stm32f3xx_it.o
                0x000000000800051e                BusFault_Handler
 .text.UsageFault_Handler
                0x0000000008000524        0x6 ./Core/Src/stm32f3xx_it.o
                0x0000000008000524                UsageFault_Handler
 .text.SVC_Handler
                0x000000000800052a        0xe ./Core/Src/stm32f3xx_it.o
                0x000000000800052a                SVC_Handler
 .text.DebugMon_Handler
                0x0000000008000538        0xe ./Core/Src/stm32f3xx_it.o
                0x0000000008000538                DebugMon_Handler
 .text.PendSV_Handler
                0x0000000008000546        0xe ./Core/Src/stm32f3xx_it.o
                0x0000000008000546                PendSV_Handler
 .text.SysTick_Handler
                0x0000000008000554        0xc ./Core/Src/stm32f3xx_it.o
                0x0000000008000554                SysTick_Handler
 .text.DMA1_Channel6_IRQHandler
                0x0000000008000560       0x14 ./Core/Src/stm32f3xx_it.o
                0x0000000008000560                DMA1_Channel6_IRQHandler
 .text.DMA1_Channel7_IRQHandler
                0x0000000008000574       0x14 ./Core/Src/stm32f3xx_it.o
                0x0000000008000574                DMA1_Channel7_IRQHandler
 .text.USART2_IRQHandler
                0x0000000008000588       0x14 ./Core/Src/stm32f3xx_it.o
                0x0000000008000588                USART2_IRQHandler
 .text.EXTI15_10_IRQHandler
                0x000000000800059c       0x10 ./Core/Src/stm32f3xx_it.o
                0x000000000800059c                EXTI15_10_IRQHandler
 .text.SystemInit
                0x00000000080005ac       0x24 ./Core/Src/system_stm32f3xx.o
                0x00000000080005ac                SystemInit
 .text.MX_USART2_UART_Init
                0x00000000080005d0       0x60 ./Core/Src/usart.o
                0x00000000080005d0                MX_USART2_UART_Init
 .text.HAL_UART_MspInit
                0x0000000008000630      0x13c ./Core/Src/usart.o
                0x0000000008000630                HAL_UART_MspInit
 .text.Reset_Handler
                0x000000000800076c       0x50 ./Core/Startup/startup_stm32f303retx.o
                0x000000000800076c                Reset_Handler
 .text.Default_Handler
                0x00000000080007bc        0x2 ./Core/Startup/startup_stm32f303retx.o
                0x00000000080007bc                RTC_Alarm_IRQHandler
                0x00000000080007bc                TIM8_TRG_COM_IRQHandler
                0x00000000080007bc                TIM8_CC_IRQHandler
                0x00000000080007bc                SPI4_IRQHandler
                0x00000000080007bc                TIM1_CC_IRQHandler
                0x00000000080007bc                USB_HP_IRQHandler
                0x00000000080007bc                PVD_IRQHandler
                0x00000000080007bc                TAMP_STAMP_IRQHandler
                0x00000000080007bc                EXTI3_IRQHandler
                0x00000000080007bc                I2C3_ER_IRQHandler
                0x00000000080007bc                USB_HP_CAN_TX_IRQHandler
                0x00000000080007bc                EXTI0_IRQHandler
                0x00000000080007bc                I2C2_EV_IRQHandler
                0x00000000080007bc                FPU_IRQHandler
                0x00000000080007bc                TIM1_UP_TIM16_IRQHandler
                0x00000000080007bc                ADC1_2_IRQHandler
                0x00000000080007bc                SPI1_IRQHandler
                0x00000000080007bc                CAN_SCE_IRQHandler
                0x00000000080007bc                TIM6_DAC_IRQHandler
                0x00000000080007bc                TIM8_UP_IRQHandler
                0x00000000080007bc                DMA2_Channel2_IRQHandler
                0x00000000080007bc                DMA1_Channel4_IRQHandler
                0x00000000080007bc                TIM20_TRG_COM_IRQHandler
                0x00000000080007bc                USART3_IRQHandler
                0x00000000080007bc                UART5_IRQHandler
                0x00000000080007bc                ADC3_IRQHandler
                0x00000000080007bc                TIM4_IRQHandler
                0x00000000080007bc                CAN_RX1_IRQHandler
                0x00000000080007bc                DMA2_Channel1_IRQHandler
                0x00000000080007bc                I2C1_EV_IRQHandler
                0x00000000080007bc                UART4_IRQHandler
                0x00000000080007bc                DMA2_Channel4_IRQHandler
                0x00000000080007bc                TIM3_IRQHandler
                0x00000000080007bc                RCC_IRQHandler
                0x00000000080007bc                TIM20_UP_IRQHandler
                0x00000000080007bc                DMA1_Channel1_IRQHandler
                0x00000000080007bc                Default_Handler
                0x00000000080007bc                USBWakeUp_RMP_IRQHandler
                0x00000000080007bc                TIM7_IRQHandler
                0x00000000080007bc                I2C3_EV_IRQHandler
                0x00000000080007bc                EXTI9_5_IRQHandler
                0x00000000080007bc                RTC_WKUP_IRQHandler
                0x00000000080007bc                SPI2_IRQHandler
                0x00000000080007bc                USB_LP_CAN_RX0_IRQHandler
                0x00000000080007bc                DMA2_Channel5_IRQHandler
                0x00000000080007bc                DMA1_Channel5_IRQHandler
                0x00000000080007bc                USB_LP_IRQHandler
                0x00000000080007bc                EXTI4_IRQHandler
                0x00000000080007bc                TIM1_TRG_COM_TIM17_IRQHandler
                0x00000000080007bc                DMA1_Channel3_IRQHandler
                0x00000000080007bc                ADC4_IRQHandler
                0x00000000080007bc                WWDG_IRQHandler
                0x00000000080007bc                TIM2_IRQHandler
                0x00000000080007bc                COMP7_IRQHandler
                0x00000000080007bc                COMP1_2_3_IRQHandler
                0x00000000080007bc                EXTI1_IRQHandler
                0x00000000080007bc                COMP4_5_6_IRQHandler
                0x00000000080007bc                TIM20_BRK_IRQHandler
                0x00000000080007bc                I2C2_ER_IRQHandler
                0x00000000080007bc                DMA1_Channel2_IRQHandler
                0x00000000080007bc                TIM8_BRK_IRQHandler
                0x00000000080007bc                FLASH_IRQHandler
                0x00000000080007bc                TIM20_CC_IRQHandler
                0x00000000080007bc                USART1_IRQHandler
                0x00000000080007bc                SPI3_IRQHandler
                0x00000000080007bc                I2C1_ER_IRQHandler
                0x00000000080007bc                FMC_IRQHandler
                0x00000000080007bc                USBWakeUp_IRQHandler
                0x00000000080007bc                DMA2_Channel3_IRQHandler
                0x00000000080007bc                EXTI2_TSC_IRQHandler
                0x00000000080007bc                TIM1_BRK_TIM15_IRQHandler
 *fill*         0x00000000080007be        0x2 
 .text.HAL_Init
                0x00000000080007c0       0x2c ./Drivers/STM32F3xx_HAL_Driver/Src/stm32f3xx_hal.o
                0x00000000080007c0                HAL_Init
 .text.HAL_InitTick
                0x00000000080007ec       0x60 ./Drivers/STM32F3xx_HAL_Driver/Src/stm32f3xx_hal.o
                0x00000000080007ec                HAL_InitTick
 .text.HAL_IncTick
                0x000000000800084c       0x28 ./Drivers/STM32F3xx_HAL_Driver/Src/stm32f3xx_hal.o
                0x000000000800084c                HAL_IncTick
 .text.HAL_GetTick
                0x0000000008000874       0x18 ./Drivers/STM32F3xx_HAL_Driver/Src/stm32f3xx_hal.o
                0x0000000008000874                HAL_GetTick
 .text.__NVIC_SetPriorityGrouping
                0x000000000800088c       0x48 ./Drivers/STM32F3xx_HAL_Driver/Src/stm32f3xx_hal_cortex.o
 .text.__NVIC_GetPriorityGrouping
                0x00000000080008d4       0x1c ./Drivers/STM32F3xx_HAL_Driver/Src/stm32f3xx_hal_cortex.o
 .text.__NVIC_EnableIRQ
                0x00000000080008f0       0x3c ./Drivers/STM32F3xx_HAL_Driver/Src/stm32f3xx_hal_cortex.o
 .text.__NVIC_SetPriority
                0x000000000800092c       0x54 ./Drivers/STM32F3xx_HAL_Driver/Src/stm32f3xx_hal_cortex.o
 .text.NVIC_EncodePriority
                0x0000000008000980       0x66 ./Drivers/STM32F3xx_HAL_Driver/Src/stm32f3xx_hal_cortex.o
 *fill*         0x00000000080009e6        0x2 
 .text.SysTick_Config
                0x00000000080009e8       0x44 ./Drivers/STM32F3xx_HAL_Driver/Src/stm32f3xx_hal_cortex.o
 .text.HAL_NVIC_SetPriorityGrouping
                0x0000000008000a2c       0x16 ./Drivers/STM32F3xx_HAL_Driver/Src/stm32f3xx_hal_cortex.o
                0x0000000008000a2c                HAL_NVIC_SetPriorityGrouping
 .text.HAL_NVIC_SetPriority
                0x0000000008000a42       0x38 ./Drivers/STM32F3xx_HAL_Driver/Src/stm32f3xx_hal_cortex.o
                0x0000000008000a42                HAL_NVIC_SetPriority
 .text.HAL_NVIC_EnableIRQ
                0x0000000008000a7a       0x1c ./Drivers/STM32F3xx_HAL_Driver/Src/stm32f3xx_hal_cortex.o
                0x0000000008000a7a                HAL_NVIC_EnableIRQ
 .text.HAL_SYSTICK_Config
                0x0000000008000a96       0x18 ./Drivers/STM32F3xx_HAL_Driver/Src/stm32f3xx_hal_cortex.o
                0x0000000008000a96                HAL_SYSTICK_Config
 .text.HAL_DMA_Init
                0x0000000008000aae       0x8e ./Drivers/STM32F3xx_HAL_Driver/Src/stm32f3xx_hal_dma.o
                0x0000000008000aae                HAL_DMA_Init
 .text.HAL_DMA_Start_IT
                0x0000000008000b3c       0xbe ./Drivers/STM32F3xx_HAL_Driver/Src/stm32f3xx_hal_dma.o
                0x0000000008000b3c                HAL_DMA_Start_IT
 .text.HAL_DMA_Abort
                0x0000000008000bfa       0x72 ./Drivers/STM32F3xx_HAL_Driver/Src/stm32f3xx_hal_dma.o
                0x0000000008000bfa                HAL_DMA_Abort
 .text.HAL_DMA_Abort_IT
                0x0000000008000c6c       0x7c ./Drivers/STM32F3xx_HAL_Driver/Src/stm32f3xx_hal_dma.o
                0x0000000008000c6c                HAL_DMA_Abort_IT
 .text.HAL_DMA_IRQHandler
                0x0000000008000ce8      0x146 ./Drivers/STM32F3xx_HAL_Driver/Src/stm32f3xx_hal_dma.o
                0x0000000008000ce8                HAL_DMA_IRQHandler
 .text.DMA_SetConfig
                0x0000000008000e2e       0x5c ./Drivers/STM32F3xx_HAL_Driver/Src/stm32f3xx_hal_dma.o
 *fill*         0x0000000008000e8a        0x2 
 .text.DMA_CalcBaseAndBitshift
                0x0000000008000e8c       0x78 ./Drivers/STM32F3xx_HAL_Driver/Src/stm32f3xx_hal_dma.o
 .text.HAL_GPIO_Init
                0x0000000008000f04      0x314 ./Drivers/STM32F3xx_HAL_Driver/Src/stm32f3xx_hal_gpio.o
                0x0000000008000f04                HAL_GPIO_Init
 .text.HAL_GPIO_WritePin
                0x0000000008001218       0x30 ./Drivers/STM32F3xx_HAL_Driver/Src/stm32f3xx_hal_gpio.o
                0x0000000008001218                HAL_GPIO_WritePin
 .text.HAL_GPIO_EXTI_IRQHandler
                0x0000000008001248       0x30 ./Drivers/STM32F3xx_HAL_Driver/Src/stm32f3xx_hal_gpio.o
                0x0000000008001248                HAL_GPIO_EXTI_IRQHandler
 .text.HAL_RCC_OscConfig
                0x0000000008001278     0x10a8 ./Drivers/STM32F3xx_HAL_Driver/Src/stm32f3xx_hal_rcc.o
                0x0000000008001278                HAL_RCC_OscConfig
 .text.HAL_RCC_ClockConfig
                0x0000000008002320      0x2f8 ./Drivers/STM32F3xx_HAL_Driver/Src/stm32f3xx_hal_rcc.o
                0x0000000008002320                HAL_RCC_ClockConfig
 .text.HAL_RCC_GetSysClockFreq
                0x0000000008002618       0xd4 ./Drivers/STM32F3xx_HAL_Driver/Src/stm32f3xx_hal_rcc.o
                0x0000000008002618                HAL_RCC_GetSysClockFreq
 .text.HAL_RCC_GetHCLKFreq
                0x00000000080026ec       0x18 ./Drivers/STM32F3xx_HAL_Driver/Src/stm32f3xx_hal_rcc.o
                0x00000000080026ec                HAL_RCC_GetHCLKFreq
 .text.HAL_RCC_GetPCLK1Freq
                0x0000000008002704       0x44 ./Drivers/STM32F3xx_HAL_Driver/Src/stm32f3xx_hal_rcc.o
                0x0000000008002704                HAL_RCC_GetPCLK1Freq
 .text.HAL_RCC_GetPCLK2Freq
                0x0000000008002748       0x44 ./Drivers/STM32F3xx_HAL_Driver/Src/stm32f3xx_hal_rcc.o
                0x0000000008002748                HAL_RCC_GetPCLK2Freq
 .text.HAL_RCCEx_PeriphCLKConfig
                0x000000000800278c      0x43c ./Drivers/STM32F3xx_HAL_Driver/Src/stm32f3xx_hal_rcc_ex.o
                0x000000000800278c                HAL_RCCEx_PeriphCLKConfig
 .text.HAL_UART_Init
                0x0000000008002bc8       0x9c ./Drivers/STM32F3xx_HAL_Driver/Src/stm32f3xx_hal_uart.o
                0x0000000008002bc8                HAL_UART_Init
 .text.HAL_UART_Transmit_DMA
                0x0000000008002c64      0x120 ./Drivers/STM32F3xx_HAL_Driver/Src/stm32f3xx_hal_uart.o
                0x0000000008002c64                HAL_UART_Transmit_DMA
 .text.HAL_UART_Receive_DMA
                0x0000000008002d84       0x9c ./Drivers/STM32F3xx_HAL_Driver/Src/stm32f3xx_hal_uart.o
                0x0000000008002d84                HAL_UART_Receive_DMA
 .text.HAL_UART_IRQHandler
                0x0000000008002e20      0x5bc ./Drivers/STM32F3xx_HAL_Driver/Src/stm32f3xx_hal_uart.o
                0x0000000008002e20                HAL_UART_IRQHandler
 .text.HAL_UART_ErrorCallback
                0x00000000080033dc       0x14 ./Drivers/STM32F3xx_HAL_Driver/Src/stm32f3xx_hal_uart.o
                0x00000000080033dc                HAL_UART_ErrorCallback
 .text.HAL_UARTEx_RxEventCallback
                0x00000000080033f0       0x18 ./Drivers/STM32F3xx_HAL_Driver/Src/stm32f3xx_hal_uart.o
                0x00000000080033f0                HAL_UARTEx_RxEventCallback
 .text.UART_SetConfig
                0x0000000008003408      0x3ac ./Drivers/STM32F3xx_HAL_Driver/Src/stm32f3xx_hal_uart.o
                0x0000000008003408                UART_SetConfig
 .text.UART_AdvFeatureConfig
                0x00000000080037b4      0x144 ./Drivers/STM32F3xx_HAL_Driver/Src/stm32f3xx_hal_uart.o
                0x00000000080037b4                UART_AdvFeatureConfig
 .text.UART_CheckIdleState
                0x00000000080038f8       0x92 ./Drivers/STM32F3xx_HAL_Driver/Src/stm32f3xx_hal_uart.o
                0x00000000080038f8                UART_CheckIdleState
 .text.UART_WaitOnFlagUntilTimeout
                0x000000000800398a      0x188 ./Drivers/STM32F3xx_HAL_Driver/Src/stm32f3xx_hal_uart.o
                0x000000000800398a                UART_WaitOnFlagUntilTimeout
 *fill*         0x0000000008003b12        0x2 
 .text.UART_Start_Receive_DMA
                0x0000000008003b14      0x144 ./Drivers/STM32F3xx_HAL_Driver/Src/stm32f3xx_hal_uart.o
                0x0000000008003b14                UART_Start_Receive_DMA
 .text.UART_EndTxTransfer
                0x0000000008003c58       0x4c ./Drivers/STM32F3xx_HAL_Driver/Src/stm32f3xx_hal_uart.o
 .text.UART_EndRxTransfer
                0x0000000008003ca4       0xc6 ./Drivers/STM32F3xx_HAL_Driver/Src/stm32f3xx_hal_uart.o
 .text.UART_DMATransmitCplt
                0x0000000008003d6a       0x94 ./Drivers/STM32F3xx_HAL_Driver/Src/stm32f3xx_hal_uart.o
 .text.UART_DMATxHalfCplt
                0x0000000008003dfe       0x1c ./Drivers/STM32F3xx_HAL_Driver/Src/stm32f3xx_hal_uart.o
 .text.UART_DMAReceiveCplt
                0x0000000008003e1a      0x11e ./Drivers/STM32F3xx_HAL_Driver/Src/stm32f3xx_hal_uart.o
 .text.UART_DMARxHalfCplt
                0x0000000008003f38       0x38 ./Drivers/STM32F3xx_HAL_Driver/Src/stm32f3xx_hal_uart.o
 .text.UART_DMAError
                0x0000000008003f70       0x7c ./Drivers/STM32F3xx_HAL_Driver/Src/stm32f3xx_hal_uart.o
 .text.UART_DMAAbortOnError
                0x0000000008003fec       0x2c ./Drivers/STM32F3xx_HAL_Driver/Src/stm32f3xx_hal_uart.o
 .text.UART_EndTransmit_IT
                0x0000000008004018       0x54 ./Drivers/STM32F3xx_HAL_Driver/Src/stm32f3xx_hal_uart.o
 .text.HAL_UARTEx_WakeupCallback
                0x000000000800406c       0x14 ./Drivers/STM32F3xx_HAL_Driver/Src/stm32f3xx_hal_uart_ex.o
                0x000000000800406c                HAL_UARTEx_WakeupCallback
 .text.__libc_init_array
                0x0000000008004080       0x48 c:/st/stm32cubeide_1.9.0/stm32cubeide/plugins/com.st.stm32cube.ide.mcu.externaltools.gnu-tools-for-stm32.10.3-2021.10.win32_1.0.0.202111181127/tools/bin/../lib/gcc/arm-none-eabi/10.3.1/../../../../arm-none-eabi/lib/thumb/v7e-m+fp/hard\libc_nano.a(lib_a-init.o)
                0x0000000008004080                __libc_init_array
 .text.memset   0x00000000080040c8       0x10 c:/st/stm32cubeide_1.9.0/stm32cubeide/plugins/com.st.stm32cube.ide.mcu.externaltools.gnu-tools-for-stm32.10.3-2021.10.win32_1.0.0.202111181127/tools/bin/../lib/gcc/arm-none-eabi/10.3.1/../../../../arm-none-eabi/lib/thumb/v7e-m+fp/hard\libc_nano.a(lib_a-memset.o)
                0x00000000080040c8                memset
 *(.glue_7)
 .glue_7        0x00000000080040d8        0x0 linker stubs
 *(.glue_7t)
 .glue_7t       0x00000000080040d8        0x0 linker stubs
 *(.eh_frame)
 .eh_frame      0x00000000080040d8        0x0 c:/st/stm32cubeide_1.9.0/stm32cubeide/plugins/com.st.stm32cube.ide.mcu.externaltools.gnu-tools-for-stm32.10.3-2021.10.win32_1.0.0.202111181127/tools/bin/../lib/gcc/arm-none-eabi/10.3.1/thumb/v7e-m+fp/hard/crtbegin.o
 *(.init)
 .init          0x00000000080040d8        0x4 c:/st/stm32cubeide_1.9.0/stm32cubeide/plugins/com.st.stm32cube.ide.mcu.externaltools.gnu-tools-for-stm32.10.3-2021.10.win32_1.0.0.202111181127/tools/bin/../lib/gcc/arm-none-eabi/10.3.1/thumb/v7e-m+fp/hard/crti.o
                0x00000000080040d8                _init
 .init          0x00000000080040dc        0x8 c:/st/stm32cubeide_1.9.0/stm32cubeide/plugins/com.st.stm32cube.ide.mcu.externaltools.gnu-tools-for-stm32.10.3-2021.10.win32_1.0.0.202111181127/tools/bin/../lib/gcc/arm-none-eabi/10.3.1/thumb/v7e-m+fp/hard/crtn.o
 *(.fini)
 .fini          0x00000000080040e4        0x4 c:/st/stm32cubeide_1.9.0/stm32cubeide/plugins/com.st.stm32cube.ide.mcu.externaltools.gnu-tools-for-stm32.10.3-2021.10.win32_1.0.0.202111181127/tools/bin/../lib/gcc/arm-none-eabi/10.3.1/thumb/v7e-m+fp/hard/crti.o
                0x00000000080040e4                _fini
 .fini          0x00000000080040e8        0x8 c:/st/stm32cubeide_1.9.0/stm32cubeide/plugins/com.st.stm32cube.ide.mcu.externaltools.gnu-tools-for-stm32.10.3-2021.10.win32_1.0.0.202111181127/tools/bin/../lib/gcc/arm-none-eabi/10.3.1/thumb/v7e-m+fp/hard/crtn.o
                0x00000000080040f0                . = ALIGN (0x4)
                0x00000000080040f0                _etext = .

.vfp11_veneer   0x00000000080040f0        0x0
 .vfp11_veneer  0x00000000080040f0        0x0 linker stubs

.v4_bx          0x00000000080040f0        0x0
 .v4_bx         0x00000000080040f0        0x0 linker stubs

.iplt           0x00000000080040f0        0x0
 .iplt          0x00000000080040f0        0x0 c:/st/stm32cubeide_1.9.0/stm32cubeide/plugins/com.st.stm32cube.ide.mcu.externaltools.gnu-tools-for-stm32.10.3-2021.10.win32_1.0.0.202111181127/tools/bin/../lib/gcc/arm-none-eabi/10.3.1/thumb/v7e-m+fp/hard/crtbegin.o

.rodata         0x00000000080040f0       0x38
                0x00000000080040f0                . = ALIGN (0x4)
 *(.rodata)
 *(.rodata*)
 .rodata.AHBPrescTable
                0x00000000080040f0       0x10 ./Core/Src/system_stm32f3xx.o
                0x00000000080040f0                AHBPrescTable
 .rodata.APBPrescTable
                0x0000000008004100        0x8 ./Core/Src/system_stm32f3xx.o
                0x0000000008004100                APBPrescTable
 .rodata.aPLLMULFactorTable
                0x0000000008004108       0x10 ./Drivers/STM32F3xx_HAL_Driver/Src/stm32f3xx_hal_rcc.o
                0x0000000008004108                aPLLMULFactorTable
 .rodata.aPredivFactorTable
                0x0000000008004118       0x10 ./Drivers/STM32F3xx_HAL_Driver/Src/stm32f3xx_hal_rcc.o
                0x0000000008004118                aPredivFactorTable
                0x0000000008004128                . = ALIGN (0x4)

.rel.dyn        0x0000000008004128        0x0
 .rel.iplt      0x0000000008004128        0x0 c:/st/stm32cubeide_1.9.0/stm32cubeide/plugins/com.st.stm32cube.ide.mcu.externaltools.gnu-tools-for-stm32.10.3-2021.10.win32_1.0.0.202111181127/tools/bin/../lib/gcc/arm-none-eabi/10.3.1/thumb/v7e-m+fp/hard/crtbegin.o

.ARM.extab      0x0000000008004128        0x0
                0x0000000008004128                . = ALIGN (0x4)
 *(.ARM.extab* .gnu.linkonce.armextab.*)
                0x0000000008004128                . = ALIGN (0x4)

.ARM            0x0000000008004128        0x0
                0x0000000008004128                . = ALIGN (0x4)
                0x0000000008004128                __exidx_start = .
 *(.ARM.exidx*)
                0x0000000008004128                __exidx_end = .
                0x0000000008004128                . = ALIGN (0x4)

.preinit_array  0x0000000008004128        0x0
                0x0000000008004128                . = ALIGN (0x4)
                0x0000000008004128                PROVIDE (__preinit_array_start = .)
 *(.preinit_array*)
                0x0000000008004128                PROVIDE (__preinit_array_end = .)
                0x0000000008004128                . = ALIGN (0x4)

.init_array     0x0000000008004128        0x4
                0x0000000008004128                . = ALIGN (0x4)
                0x0000000008004128                PROVIDE (__init_array_start = .)
 *(SORT_BY_NAME(.init_array.*))
 *(.init_array*)
 .init_array    0x0000000008004128        0x4 c:/st/stm32cubeide_1.9.0/stm32cubeide/plugins/com.st.stm32cube.ide.mcu.externaltools.gnu-tools-for-stm32.10.3-2021.10.win32_1.0.0.202111181127/tools/bin/../lib/gcc/arm-none-eabi/10.3.1/thumb/v7e-m+fp/hard/crtbegin.o
                0x000000000800412c                PROVIDE (__init_array_end = .)
                0x000000000800412c                . = ALIGN (0x4)

.fini_array     0x000000000800412c        0x4
                0x000000000800412c                . = ALIGN (0x4)
                [!provide]                        PROVIDE (__fini_array_start = .)
 *(SORT_BY_NAME(.fini_array.*))
 *(.fini_array*)
 .fini_array    0x000000000800412c        0x4 c:/st/stm32cubeide_1.9.0/stm32cubeide/plugins/com.st.stm32cube.ide.mcu.externaltools.gnu-tools-for-stm32.10.3-2021.10.win32_1.0.0.202111181127/tools/bin/../lib/gcc/arm-none-eabi/10.3.1/thumb/v7e-m+fp/hard/crtbegin.o
                [!provide]                        PROVIDE (__fini_array_end = .)
                0x0000000008004130                . = ALIGN (0x4)
                0x0000000008004130                _sidata = LOADADDR (.data)

.data           0x0000000020000000        0xc load address 0x0000000008004130
                0x0000000020000000                . = ALIGN (0x4)
                0x0000000020000000                _sdata = .
 *(.data)
 *(.data*)
 .data.SystemCoreClock
                0x0000000020000000        0x4 ./Core/Src/system_stm32f3xx.o
                0x0000000020000000                SystemCoreClock
 .data.uwTickPrio
                0x0000000020000004        0x4 ./Drivers/STM32F3xx_HAL_Driver/Src/stm32f3xx_hal.o
                0x0000000020000004                uwTickPrio
 .data.uwTickFreq
                0x0000000020000008        0x1 ./Drivers/STM32F3xx_HAL_Driver/Src/stm32f3xx_hal.o
                0x0000000020000008                uwTickFreq
 *(.RamFunc)
 *(.RamFunc*)
                0x000000002000000c                . = ALIGN (0x4)
 *fill*         0x0000000020000009        0x3 
                0x000000002000000c                _edata = .
                0x000000000800413c                _siccmram = LOADADDR (.ccmram)

.igot.plt       0x000000002000000c        0x0 load address 0x000000000800413c
 .igot.plt      0x000000002000000c        0x0 c:/st/stm32cubeide_1.9.0/stm32cubeide/plugins/com.st.stm32cube.ide.mcu.externaltools.gnu-tools-for-stm32.10.3-2021.10.win32_1.0.0.202111181127/tools/bin/../lib/gcc/arm-none-eabi/10.3.1/thumb/v7e-m+fp/hard/crtbegin.o

.ccmram         0x0000000010000000        0x0 load address 0x000000000800413c
                0x0000000010000000                . = ALIGN (0x4)
                0x0000000010000000                _sccmram = .
 *(.ccmram)
 *(.ccmram*)
                0x0000000010000000                . = ALIGN (0x4)
                0x0000000010000000                _eccmram = .
                0x0000000010000000                . = ALIGN (0x4)

.bss            0x000000002000000c      0x14c
                0x000000002000000c                _sbss = .
                0x000000002000000c                __bss_start__ = _sbss
 *(.bss)
 .bss           0x000000002000000c       0x1c c:/st/stm32cubeide_1.9.0/stm32cubeide/plugins/com.st.stm32cube.ide.mcu.externaltools.gnu-tools-for-stm32.10.3-2021.10.win32_1.0.0.202111181127/tools/bin/../lib/gcc/arm-none-eabi/10.3.1/thumb/v7e-m+fp/hard/crtbegin.o
 *(.bss*)
 .bss.data      0x0000000020000028       0x14 ./Core/Src/main.o
                0x0000000020000028                data
 .bss.Rx_data   0x000000002000003c        0xa ./Core/Src/main.o
                0x000000002000003c                Rx_data
 *fill*         0x0000000020000046        0x2 
 .bss.huart2    0x0000000020000048       0x84 ./Core/Src/usart.o
                0x0000000020000048                huart2
 .bss.hdma_usart2_tx
                0x00000000200000cc       0x44 ./Core/Src/usart.o
                0x00000000200000cc                hdma_usart2_tx
 .bss.hdma_usart2_rx
                0x0000000020000110       0x44 ./Core/Src/usart.o
                0x0000000020000110                hdma_usart2_rx
 .bss.uwTick    0x0000000020000154        0x4 ./Drivers/STM32F3xx_HAL_Driver/Src/stm32f3xx_hal.o
                0x0000000020000154                uwTick
 *(COMMON)
                0x0000000020000158                . = ALIGN (0x4)
                0x0000000020000158                _ebss = .
                0x0000000020000158                __bss_end__ = _ebss

._user_heap_stack
                0x0000000020000158      0x600
                0x0000000020000158                . = ALIGN (0x8)
                [!provide]                        PROVIDE (end = .)
                0x0000000020000158                PROVIDE (_end = .)
                0x0000000020000358                . = (. + _Min_Heap_Size)
 *fill*         0x0000000020000158      0x200 
                0x0000000020000758                . = (. + _Min_Stack_Size)
 *fill*         0x0000000020000358      0x400 
                0x0000000020000758                . = ALIGN (0x8)

/DISCARD/
 libc.a(*)
 libm.a(*)
 libgcc.a(*)

.ARM.attributes
                0x0000000000000000       0x30
 *(.ARM.attributes)
 .ARM.attributes
                0x0000000000000000       0x1e c:/st/stm32cubeide_1.9.0/stm32cubeide/plugins/com.st.stm32cube.ide.mcu.externaltools.gnu-tools-for-stm32.10.3-2021.10.win32_1.0.0.202111181127/tools/bin/../lib/gcc/arm-none-eabi/10.3.1/thumb/v7e-m+fp/hard/crti.o
 .ARM.attributes
                0x000000000000001e       0x34 c:/st/stm32cubeide_1.9.0/stm32cubeide/plugins/com.st.stm32cube.ide.mcu.externaltools.gnu-tools-for-stm32.10.3-2021.10.win32_1.0.0.202111181127/tools/bin/../lib/gcc/arm-none-eabi/10.3.1/thumb/v7e-m+fp/hard/crtbegin.o
 .ARM.attributes
                0x0000000000000052       0x34 ./Core/Src/dma.o
 .ARM.attributes
                0x0000000000000086       0x34 ./Core/Src/gpio.o
 .ARM.attributes
                0x00000000000000ba       0x34 ./Core/Src/main.o
 .ARM.attributes
                0x00000000000000ee       0x34 ./Core/Src/stm32f3xx_hal_msp.o
 .ARM.attributes
                0x0000000000000122       0x34 ./Core/Src/stm32f3xx_it.o
 .ARM.attributes
                0x0000000000000156       0x34 ./Core/Src/system_stm32f3xx.o
 .ARM.attributes
                0x000000000000018a       0x34 ./Core/Src/usart.o
 .ARM.attributes
                0x00000000000001be       0x21 ./Core/Startup/startup_stm32f303retx.o
 .ARM.attributes
                0x00000000000001df       0x34 ./Drivers/STM32F3xx_HAL_Driver/Src/stm32f3xx_hal.o
 .ARM.attributes
                0x0000000000000213       0x34 ./Drivers/STM32F3xx_HAL_Driver/Src/stm32f3xx_hal_cortex.o
 .ARM.attributes
                0x0000000000000247       0x34 ./Drivers/STM32F3xx_HAL_Driver/Src/stm32f3xx_hal_dma.o
 .ARM.attributes
                0x000000000000027b       0x34 ./Drivers/STM32F3xx_HAL_Driver/Src/stm32f3xx_hal_gpio.o
 .ARM.attributes
                0x00000000000002af       0x34 ./Drivers/STM32F3xx_HAL_Driver/Src/stm32f3xx_hal_rcc.o
 .ARM.attributes
                0x00000000000002e3       0x34 ./Drivers/STM32F3xx_HAL_Driver/Src/stm32f3xx_hal_rcc_ex.o
 .ARM.attributes
                0x0000000000000317       0x34 ./Drivers/STM32F3xx_HAL_Driver/Src/stm32f3xx_hal_uart.o
 .ARM.attributes
                0x000000000000034b       0x34 ./Drivers/STM32F3xx_HAL_Driver/Src/stm32f3xx_hal_uart_ex.o
 .ARM.attributes
                0x000000000000037f       0x34 c:/st/stm32cubeide_1.9.0/stm32cubeide/plugins/com.st.stm32cube.ide.mcu.externaltools.gnu-tools-for-stm32.10.3-2021.10.win32_1.0.0.202111181127/tools/bin/../lib/gcc/arm-none-eabi/10.3.1/../../../../arm-none-eabi/lib/thumb/v7e-m+fp/hard\libc_nano.a(lib_a-init.o)
 .ARM.attributes
                0x00000000000003b3       0x34 c:/st/stm32cubeide_1.9.0/stm32cubeide/plugins/com.st.stm32cube.ide.mcu.externaltools.gnu-tools-for-stm32.10.3-2021.10.win32_1.0.0.202111181127/tools/bin/../lib/gcc/arm-none-eabi/10.3.1/../../../../arm-none-eabi/lib/thumb/v7e-m+fp/hard\libc_nano.a(lib_a-memset.o)
 .ARM.attributes
                0x00000000000003e7       0x1e c:/st/stm32cubeide_1.9.0/stm32cubeide/plugins/com.st.stm32cube.ide.mcu.externaltools.gnu-tools-for-stm32.10.3-2021.10.win32_1.0.0.202111181127/tools/bin/../lib/gcc/arm-none-eabi/10.3.1/thumb/v7e-m+fp/hard/crtn.o
OUTPUT(06_06.elf elf32-littlearm)
LOAD linker stubs
LOAD c:/st/stm32cubeide_1.9.0/stm32cubeide/plugins/com.st.stm32cube.ide.mcu.externaltools.gnu-tools-for-stm32.10.3-2021.10.win32_1.0.0.202111181127/tools/bin/../lib/gcc/arm-none-eabi/10.3.1/../../../../arm-none-eabi/lib/thumb/v7e-m+fp/hard\libc.a
LOAD c:/st/stm32cubeide_1.9.0/stm32cubeide/plugins/com.st.stm32cube.ide.mcu.externaltools.gnu-tools-for-stm32.10.3-2021.10.win32_1.0.0.202111181127/tools/bin/../lib/gcc/arm-none-eabi/10.3.1/../../../../arm-none-eabi/lib/thumb/v7e-m+fp/hard\libm.a
LOAD c:/st/stm32cubeide_1.9.0/stm32cubeide/plugins/com.st.stm32cube.ide.mcu.externaltools.gnu-tools-for-stm32.10.3-2021.10.win32_1.0.0.202111181127/tools/bin/../lib/gcc/arm-none-eabi/10.3.1/thumb/v7e-m+fp/hard\libgcc.a

.debug_info     0x0000000000000000     0xb724
 .debug_info    0x0000000000000000      0x3ca ./Core/Src/dma.o
 .debug_info    0x00000000000003ca      0x5c0 ./Core/Src/gpio.o
 .debug_info    0x000000000000098a      0xbe2 ./Core/Src/main.o
 .debug_info    0x000000000000156c      0x1aa ./Core/Src/stm32f3xx_hal_msp.o
 .debug_info    0x0000000000001716      0x78a ./Core/Src/stm32f3xx_it.o
 .debug_info    0x0000000000001ea0      0x416 ./Core/Src/system_stm32f3xx.o
 .debug_info    0x00000000000022b6      0xc04 ./Core/Src/usart.o
 .debug_info    0x0000000000002eba       0x22 ./Core/Startup/startup_stm32f303retx.o
 .debug_info    0x0000000000002edc      0x837 ./Drivers/STM32F3xx_HAL_Driver/Src/stm32f3xx_hal.o
 .debug_info    0x0000000000003713      0xdb5 ./Drivers/STM32F3xx_HAL_Driver/Src/stm32f3xx_hal_cortex.o
 .debug_info    0x00000000000044c8      0x757 ./Drivers/STM32F3xx_HAL_Driver/Src/stm32f3xx_hal_dma.o
 .debug_info    0x0000000000004c1f      0x74e ./Drivers/STM32F3xx_HAL_Driver/Src/stm32f3xx_hal_gpio.o
 .debug_info    0x000000000000536d     0x1597 ./Drivers/STM32F3xx_HAL_Driver/Src/stm32f3xx_hal_rcc.o
 .debug_info    0x0000000000006904      0x67f ./Drivers/STM32F3xx_HAL_Driver/Src/stm32f3xx_hal_rcc_ex.o
 .debug_info    0x0000000000006f83     0x3ad3 ./Drivers/STM32F3xx_HAL_Driver/Src/stm32f3xx_hal_uart.o
 .debug_info    0x000000000000aa56      0xcce ./Drivers/STM32F3xx_HAL_Driver/Src/stm32f3xx_hal_uart_ex.o

.debug_abbrev   0x0000000000000000     0x1d56
 .debug_abbrev  0x0000000000000000       0xf8 ./Core/Src/dma.o
 .debug_abbrev  0x00000000000000f8      0x14f ./Core/Src/gpio.o
 .debug_abbrev  0x0000000000000247      0x248 ./Core/Src/main.o
 .debug_abbrev  0x000000000000048f       0xc2 ./Core/Src/stm32f3xx_hal_msp.o
 .debug_abbrev  0x0000000000000551      0x15f ./Core/Src/stm32f3xx_it.o
 .debug_abbrev  0x00000000000006b0      0x116 ./Core/Src/system_stm32f3xx.o
 .debug_abbrev  0x00000000000007c6      0x1fc ./Core/Src/usart.o
 .debug_abbrev  0x00000000000009c2       0x12 ./Core/Startup/startup_stm32f303retx.o
 .debug_abbrev  0x00000000000009d4      0x20e ./Drivers/STM32F3xx_HAL_Driver/Src/stm32f3xx_hal.o
 .debug_abbrev  0x0000000000000be2      0x316 ./Drivers/STM32F3xx_HAL_Driver/Src/stm32f3xx_hal_cortex.o
 .debug_abbrev  0x0000000000000ef8      0x1fe ./Drivers/STM32F3xx_HAL_Driver/Src/stm32f3xx_hal_dma.o
 .debug_abbrev  0x00000000000010f6      0x1bb ./Drivers/STM32F3xx_HAL_Driver/Src/stm32f3xx_hal_gpio.o
 .debug_abbrev  0x00000000000012b1      0x30c ./Drivers/STM32F3xx_HAL_Driver/Src/stm32f3xx_hal_rcc.o
 .debug_abbrev  0x00000000000015bd      0x239 ./Drivers/STM32F3xx_HAL_Driver/Src/stm32f3xx_hal_rcc_ex.o
 .debug_abbrev  0x00000000000017f6      0x2bc ./Drivers/STM32F3xx_HAL_Driver/Src/stm32f3xx_hal_uart.o
 .debug_abbrev  0x0000000000001ab2      0x2a4 ./Drivers/STM32F3xx_HAL_Driver/Src/stm32f3xx_hal_uart_ex.o

.debug_aranges  0x0000000000000000      0x7e8
 .debug_aranges
                0x0000000000000000       0x20 ./Core/Src/dma.o
 .debug_aranges
                0x0000000000000020       0x20 ./Core/Src/gpio.o
 .debug_aranges
                0x0000000000000040       0x60 ./Core/Src/main.o
 .debug_aranges
                0x00000000000000a0       0x20 ./Core/Src/stm32f3xx_hal_msp.o
 .debug_aranges
                0x00000000000000c0       0x80 ./Core/Src/stm32f3xx_it.o
 .debug_aranges
                0x0000000000000140       0x28 ./Core/Src/system_stm32f3xx.o
 .debug_aranges
                0x0000000000000168       0x30 ./Core/Src/usart.o
 .debug_aranges
                0x0000000000000198       0x28 ./Core/Startup/startup_stm32f303retx.o
 .debug_aranges
                0x00000000000001c0       0xe0 ./Drivers/STM32F3xx_HAL_Driver/Src/stm32f3xx_hal.o
 .debug_aranges
                0x00000000000002a0      0x118 ./Drivers/STM32F3xx_HAL_Driver/Src/stm32f3xx_hal_cortex.o
 .debug_aranges
                0x00000000000003b8       0x88 ./Drivers/STM32F3xx_HAL_Driver/Src/stm32f3xx_hal_dma.o
 .debug_aranges
                0x0000000000000440       0x58 ./Drivers/STM32F3xx_HAL_Driver/Src/stm32f3xx_hal_gpio.o
 .debug_aranges
                0x0000000000000498       0x88 ./Drivers/STM32F3xx_HAL_Driver/Src/stm32f3xx_hal_rcc.o
 .debug_aranges
                0x0000000000000520       0x38 ./Drivers/STM32F3xx_HAL_Driver/Src/stm32f3xx_hal_rcc_ex.o
 .debug_aranges
                0x0000000000000558      0x228 ./Drivers/STM32F3xx_HAL_Driver/Src/stm32f3xx_hal_uart.o
 .debug_aranges
                0x0000000000000780       0x68 ./Drivers/STM32F3xx_HAL_Driver/Src/stm32f3xx_hal_uart_ex.o

.debug_ranges   0x0000000000000000      0x720
 .debug_ranges  0x0000000000000000       0x10 ./Core/Src/dma.o
 .debug_ranges  0x0000000000000010       0x10 ./Core/Src/gpio.o
 .debug_ranges  0x0000000000000020       0x50 ./Core/Src/main.o
 .debug_ranges  0x0000000000000070       0x10 ./Core/Src/stm32f3xx_hal_msp.o
 .debug_ranges  0x0000000000000080       0x70 ./Core/Src/stm32f3xx_it.o
 .debug_ranges  0x00000000000000f0       0x18 ./Core/Src/system_stm32f3xx.o
 .debug_ranges  0x0000000000000108       0x20 ./Core/Src/usart.o
 .debug_ranges  0x0000000000000128       0x20 ./Core/Startup/startup_stm32f303retx.o
 .debug_ranges  0x0000000000000148       0xd0 ./Drivers/STM32F3xx_HAL_Driver/Src/stm32f3xx_hal.o
 .debug_ranges  0x0000000000000218      0x108 ./Drivers/STM32F3xx_HAL_Driver/Src/stm32f3xx_hal_cortex.o
 .debug_ranges  0x0000000000000320       0x78 ./Drivers/STM32F3xx_HAL_Driver/Src/stm32f3xx_hal_dma.o
 .debug_ranges  0x0000000000000398       0x48 ./Drivers/STM32F3xx_HAL_Driver/Src/stm32f3xx_hal_gpio.o
 .debug_ranges  0x00000000000003e0       0x78 ./Drivers/STM32F3xx_HAL_Driver/Src/stm32f3xx_hal_rcc.o
 .debug_ranges  0x0000000000000458       0x28 ./Drivers/STM32F3xx_HAL_Driver/Src/stm32f3xx_hal_rcc_ex.o
 .debug_ranges  0x0000000000000480      0x248 ./Drivers/STM32F3xx_HAL_Driver/Src/stm32f3xx_hal_uart.o
 .debug_ranges  0x00000000000006c8       0x58 ./Drivers/STM32F3xx_HAL_Driver/Src/stm32f3xx_hal_uart_ex.o

.debug_macro    0x0000000000000000    0x2025a
 .debug_macro   0x0000000000000000      0x1dc ./Core/Src/dma.o
 .debug_macro   0x00000000000001dc      0xa78 ./Core/Src/dma.o
 .debug_macro   0x0000000000000c54      0x151 ./Core/Src/dma.o
 .debug_macro   0x0000000000000da5       0x2e ./Core/Src/dma.o
 .debug_macro   0x0000000000000dd3       0x28 ./Core/Src/dma.o
 .debug_macro   0x0000000000000dfb       0x22 ./Core/Src/dma.o
 .debug_macro   0x0000000000000e1d       0x8e ./Core/Src/dma.o
 .debug_macro   0x0000000000000eab       0x51 ./Core/Src/dma.o
 .debug_macro   0x0000000000000efc      0x103 ./Core/Src/dma.o
 .debug_macro   0x0000000000000fff       0x6a ./Core/Src/dma.o
 .debug_macro   0x0000000000001069      0x1df ./Core/Src/dma.o
 .debug_macro   0x0000000000001248       0x1c ./Core/Src/dma.o
 .debug_macro   0x0000000000001264       0x22 ./Core/Src/dma.o
 .debug_macro   0x0000000000001286       0xd9 ./Core/Src/dma.o
 .debug_macro   0x000000000000135f     0x102d ./Core/Src/dma.o
 .debug_macro   0x000000000000238c      0x11f ./Core/Src/dma.o
 .debug_macro   0x00000000000024ab    0x1535a ./Core/Src/dma.o
 .debug_macro   0x0000000000017805       0x6d ./Core/Src/dma.o
 .debug_macro   0x0000000000017872     0x3540 ./Core/Src/dma.o
 .debug_macro   0x000000000001adb2      0x174 ./Core/Src/dma.o
 .debug_macro   0x000000000001af26       0x55 ./Core/Src/dma.o
 .debug_macro   0x000000000001af7b      0x954 ./Core/Src/dma.o
 .debug_macro   0x000000000001b8cf      0x84a ./Core/Src/dma.o
 .debug_macro   0x000000000001c119      0x1b6 ./Core/Src/dma.o
 .debug_macro   0x000000000001c2cf      0x23a ./Core/Src/dma.o
 .debug_macro   0x000000000001c509      0x1ea ./Core/Src/dma.o
 .debug_macro   0x000000000001c6f3      0x1bc ./Core/Src/dma.o
 .debug_macro   0x000000000001c8af       0x30 ./Core/Src/dma.o
 .debug_macro   0x000000000001c8df       0x3c ./Core/Src/dma.o
 .debug_macro   0x000000000001c91b      0x236 ./Core/Src/dma.o
 .debug_macro   0x000000000001cb51       0xc5 ./Core/Src/dma.o
 .debug_macro   0x000000000001cc16      0x21d ./Core/Src/dma.o
 .debug_macro   0x000000000001ce33      0x22c ./Core/Src/dma.o
 .debug_macro   0x000000000001d05f       0x5b ./Core/Src/dma.o
 .debug_macro   0x000000000001d0ba       0xa5 ./Core/Src/dma.o
 .debug_macro   0x000000000001d15f       0x81 ./Core/Src/dma.o
 .debug_macro   0x000000000001d1e0       0xd3 ./Core/Src/dma.o
 .debug_macro   0x000000000001d2b3      0x5a5 ./Core/Src/dma.o
 .debug_macro   0x000000000001d858       0x44 ./Core/Src/dma.o
 .debug_macro   0x000000000001d89c      0x347 ./Core/Src/dma.o
 .debug_macro   0x000000000001dbe3       0x5e ./Core/Src/dma.o
 .debug_macro   0x000000000001dc41      0x1dc ./Core/Src/gpio.o
 .debug_macro   0x000000000001de1d      0x383 ./Core/Src/main.o
 .debug_macro   0x000000000001e1a0       0x52 ./Core/Src/main.o
 .debug_macro   0x000000000001e1f2       0x1e ./Core/Src/main.o
 .debug_macro   0x000000000001e210       0x3c ./Core/Src/main.o
 .debug_macro   0x000000000001e24c       0x34 ./Core/Src/main.o
 .debug_macro   0x000000000001e280       0x16 ./Core/Src/main.o
 .debug_macro   0x000000000001e296       0x35 ./Core/Src/main.o
 .debug_macro   0x000000000001e2cb      0x341 ./Core/Src/main.o
 .debug_macro   0x000000000001e60c       0x10 ./Core/Src/main.o
 .debug_macro   0x000000000001e61c       0x16 ./Core/Src/main.o
 .debug_macro   0x000000000001e632       0x43 ./Core/Src/main.o
 .debug_macro   0x000000000001e675       0x34 ./Core/Src/main.o
 .debug_macro   0x000000000001e6a9       0x10 ./Core/Src/main.o
 .debug_macro   0x000000000001e6b9       0x58 ./Core/Src/main.o
 .debug_macro   0x000000000001e711       0x71 ./Core/Src/main.o
 .debug_macro   0x000000000001e782       0x1c ./Core/Src/main.o
 .debug_macro   0x000000000001e79e      0x12a ./Core/Src/main.o
 .debug_macro   0x000000000001e8c8       0x10 ./Core/Src/main.o
 .debug_macro   0x000000000001e8d8       0x1c ./Core/Src/main.o
 .debug_macro   0x000000000001e8f4       0x52 ./Core/Src/main.o
 .debug_macro   0x000000000001e946       0x22 ./Core/Src/main.o
 .debug_macro   0x000000000001e968       0x10 ./Core/Src/main.o
 .debug_macro   0x000000000001e978       0x52 ./Core/Src/main.o
 .debug_macro   0x000000000001e9ca       0xd5 ./Core/Src/main.o
 .debug_macro   0x000000000001ea9f       0x1c ./Core/Src/main.o
 .debug_macro   0x000000000001eabb       0x3d ./Core/Src/main.o
 .debug_macro   0x000000000001eaf8       0x16 ./Core/Src/main.o
 .debug_macro   0x000000000001eb0e      0x145 ./Core/Src/main.o
 .debug_macro   0x000000000001ec53       0x16 ./Core/Src/main.o
 .debug_macro   0x000000000001ec69       0x20 ./Core/Src/main.o
 .debug_macro   0x000000000001ec89      0x1d2 ./Core/Src/stm32f3xx_hal_msp.o
 .debug_macro   0x000000000001ee5b      0x1dc ./Core/Src/stm32f3xx_it.o
 .debug_macro   0x000000000001f037      0x1c3 ./Core/Src/system_stm32f3xx.o
 .debug_macro   0x000000000001f1fa      0x1dc ./Core/Src/usart.o
 .debug_macro   0x000000000001f3d6      0x1e7 ./Drivers/STM32F3xx_HAL_Driver/Src/stm32f3xx_hal.o
 .debug_macro   0x000000000001f5bd      0x1c3 ./Drivers/STM32F3xx_HAL_Driver/Src/stm32f3xx_hal_cortex.o
 .debug_macro   0x000000000001f780      0x1c3 ./Drivers/STM32F3xx_HAL_Driver/Src/stm32f3xx_hal_dma.o
 .debug_macro   0x000000000001f943      0x1ca ./Drivers/STM32F3xx_HAL_Driver/Src/stm32f3xx_hal_gpio.o
 .debug_macro   0x000000000001fb0d      0x1e7 ./Drivers/STM32F3xx_HAL_Driver/Src/stm32f3xx_hal_rcc.o
 .debug_macro   0x000000000001fcf4      0x1c3 ./Drivers/STM32F3xx_HAL_Driver/Src/stm32f3xx_hal_rcc_ex.o
 .debug_macro   0x000000000001feb7      0x1e0 ./Drivers/STM32F3xx_HAL_Driver/Src/stm32f3xx_hal_uart.o
 .debug_macro   0x0000000000020097      0x1c3 ./Drivers/STM32F3xx_HAL_Driver/Src/stm32f3xx_hal_uart_ex.o

.debug_line     0x0000000000000000     0xbfed
 .debug_line    0x0000000000000000      0x6af ./Core/Src/dma.o
 .debug_line    0x00000000000006af      0x6cd ./Core/Src/gpio.o
 .debug_line    0x0000000000000d7c      0xa2b ./Core/Src/main.o
 .debug_line    0x00000000000017a7      0x6b1 ./Core/Src/stm32f3xx_hal_msp.o
 .debug_line    0x0000000000001e58      0x7d4 ./Core/Src/stm32f3xx_it.o
 .debug_line    0x000000000000262c      0x72d ./Core/Src/system_stm32f3xx.o
 .debug_line    0x0000000000002d59      0x76a ./Core/Src/usart.o
 .debug_line    0x00000000000034c3       0x88 ./Core/Startup/startup_stm32f303retx.o
 .debug_line    0x000000000000354b      0x95d ./Drivers/STM32F3xx_HAL_Driver/Src/stm32f3xx_hal.o
 .debug_line    0x0000000000003ea8      0xc22 ./Drivers/STM32F3xx_HAL_Driver/Src/stm32f3xx_hal_cortex.o
 .debug_line    0x0000000000004aca      0xc6f ./Drivers/STM32F3xx_HAL_Driver/Src/stm32f3xx_hal_dma.o
 .debug_line    0x0000000000005739      0xae6 ./Drivers/STM32F3xx_HAL_Driver/Src/stm32f3xx_hal_gpio.o
 .debug_line    0x000000000000621f     0x1352 ./Drivers/STM32F3xx_HAL_Driver/Src/stm32f3xx_hal_rcc.o
 .debug_line    0x0000000000007571      0xe79 ./Drivers/STM32F3xx_HAL_Driver/Src/stm32f3xx_hal_rcc_ex.o
 .debug_line    0x00000000000083ea     0x30ef ./Drivers/STM32F3xx_HAL_Driver/Src/stm32f3xx_hal_uart.o
 .debug_line    0x000000000000b4d9      0xb14 ./Drivers/STM32F3xx_HAL_Driver/Src/stm32f3xx_hal_uart_ex.o

.debug_str      0x0000000000000000    0xc021e
 .debug_str     0x0000000000000000    0xba056 ./Core/Src/dma.o
                                      0xba82d (size before relaxing)
 .debug_str     0x00000000000ba056       0xe9 ./Core/Src/gpio.o
                                      0xba8fb (size before relaxing)
 .debug_str     0x00000000000ba13f     0x462f ./Core/Src/main.o
                                      0xbe9b1 (size before relaxing)
 .debug_str     0x00000000000be76e       0x2c ./Core/Src/stm32f3xx_hal_msp.o
                                      0xba361 (size before relaxing)
 .debug_str     0x00000000000be79a      0x180 ./Core/Src/stm32f3xx_it.o
                                      0xba874 (size before relaxing)
 .debug_str     0x00000000000be91a       0xe9 ./Core/Src/system_stm32f3xx.o
                                      0xba2dd (size before relaxing)
 .debug_str     0x00000000000bea03       0x91 ./Core/Src/usart.o
                                      0xbada9 (size before relaxing)
 .debug_str     0x00000000000bea94       0x36 ./Core/Startup/startup_stm32f303retx.o
                                         0x6e (size before relaxing)
 .debug_str     0x00000000000beaca      0x3a1 ./Drivers/STM32F3xx_HAL_Driver/Src/stm32f3xx_hal.o
                                      0xbab86 (size before relaxing)
 .debug_str     0x00000000000bee6b      0x345 ./Drivers/STM32F3xx_HAL_Driver/Src/stm32f3xx_hal_cortex.o
                                      0xbabd8 (size before relaxing)
 .debug_str     0x00000000000bf1b0      0x21e ./Drivers/STM32F3xx_HAL_Driver/Src/stm32f3xx_hal_dma.o
                                      0xba625 (size before relaxing)
 .debug_str     0x00000000000bf3ce      0x14c ./Drivers/STM32F3xx_HAL_Driver/Src/stm32f3xx_hal_gpio.o
                                      0xba4c2 (size before relaxing)
 .debug_str     0x00000000000bf51a      0x2dd ./Drivers/STM32F3xx_HAL_Driver/Src/stm32f3xx_hal_rcc.o
                                      0xba781 (size before relaxing)
 .debug_str     0x00000000000bf7f7       0xbe ./Drivers/STM32F3xx_HAL_Driver/Src/stm32f3xx_hal_rcc_ex.o
                                      0xba5cb (size before relaxing)
 .debug_str     0x00000000000bf8b5      0x7c2 ./Drivers/STM32F3xx_HAL_Driver/Src/stm32f3xx_hal_uart.o
                                      0xbafd8 (size before relaxing)
 .debug_str     0x00000000000c0077      0x1a7 ./Drivers/STM32F3xx_HAL_Driver/Src/stm32f3xx_hal_uart_ex.o
                                      0xba8c3 (size before relaxing)

.comment        0x0000000000000000       0x50
 .comment       0x0000000000000000       0x50 ./Core/Src/dma.o
                                         0x51 (size before relaxing)
 .comment       0x0000000000000050       0x51 ./Core/Src/gpio.o
 .comment       0x0000000000000050       0x51 ./Core/Src/main.o
 .comment       0x0000000000000050       0x51 ./Core/Src/stm32f3xx_hal_msp.o
 .comment       0x0000000000000050       0x51 ./Core/Src/stm32f3xx_it.o
 .comment       0x0000000000000050       0x51 ./Core/Src/system_stm32f3xx.o
 .comment       0x0000000000000050       0x51 ./Core/Src/usart.o
 .comment       0x0000000000000050       0x51 ./Drivers/STM32F3xx_HAL_Driver/Src/stm32f3xx_hal.o
 .comment       0x0000000000000050       0x51 ./Drivers/STM32F3xx_HAL_Driver/Src/stm32f3xx_hal_cortex.o
 .comment       0x0000000000000050       0x51 ./Drivers/STM32F3xx_HAL_Driver/Src/stm32f3xx_hal_dma.o
 .comment       0x0000000000000050       0x51 ./Drivers/STM32F3xx_HAL_Driver/Src/stm32f3xx_hal_gpio.o
 .comment       0x0000000000000050       0x51 ./Drivers/STM32F3xx_HAL_Driver/Src/stm32f3xx_hal_rcc.o
 .comment       0x0000000000000050       0x51 ./Drivers/STM32F3xx_HAL_Driver/Src/stm32f3xx_hal_rcc_ex.o
 .comment       0x0000000000000050       0x51 ./Drivers/STM32F3xx_HAL_Driver/Src/stm32f3xx_hal_uart.o
 .comment       0x0000000000000050       0x51 ./Drivers/STM32F3xx_HAL_Driver/Src/stm32f3xx_hal_uart_ex.o

.debug_frame    0x0000000000000000     0x1df8
 .debug_frame   0x0000000000000000       0x34 ./Core/Src/dma.o
 .debug_frame   0x0000000000000034       0x34 ./Core/Src/gpio.o
 .debug_frame   0x0000000000000068      0x150 ./Core/Src/main.o
 .debug_frame   0x00000000000001b8       0x38 ./Core/Src/stm32f3xx_hal_msp.o
 .debug_frame   0x00000000000001f0      0x174 ./Core/Src/stm32f3xx_it.o
 .debug_frame   0x0000000000000364       0x58 ./Core/Src/system_stm32f3xx.o
 .debug_frame   0x00000000000003bc       0x74 ./Core/Src/usart.o
 .debug_frame   0x0000000000000430      0x334 ./Drivers/STM32F3xx_HAL_Driver/Src/stm32f3xx_hal.o
 .debug_frame   0x0000000000000764      0x498 ./Drivers/STM32F3xx_HAL_Driver/Src/stm32f3xx_hal_cortex.o
 .debug_frame   0x0000000000000bfc      0x224 ./Drivers/STM32F3xx_HAL_Driver/Src/stm32f3xx_hal_dma.o
 .debug_frame   0x0000000000000e20      0x14c ./Drivers/STM32F3xx_HAL_Driver/Src/stm32f3xx_hal_gpio.o
 .debug_frame   0x0000000000000f6c      0x214 ./Drivers/STM32F3xx_HAL_Driver/Src/stm32f3xx_hal_rcc.o
 .debug_frame   0x0000000000001180       0xb4 ./Drivers/STM32F3xx_HAL_Driver/Src/stm32f3xx_hal_rcc_ex.o
 .debug_frame   0x0000000000001234      0x9e8 ./Drivers/STM32F3xx_HAL_Driver/Src/stm32f3xx_hal_uart.o
 .debug_frame   0x0000000000001c1c      0x190 ./Drivers/STM32F3xx_HAL_Driver/Src/stm32f3xx_hal_uart_ex.o
 .debug_frame   0x0000000000001dac       0x2c c:/st/stm32cubeide_1.9.0/stm32cubeide/plugins/com.st.stm32cube.ide.mcu.externaltools.gnu-tools-for-stm32.10.3-2021.10.win32_1.0.0.202111181127/tools/bin/../lib/gcc/arm-none-eabi/10.3.1/../../../../arm-none-eabi/lib/thumb/v7e-m+fp/hard\libc_nano.a(lib_a-init.o)
 .debug_frame   0x0000000000001dd8       0x20 c:/st/stm32cubeide_1.9.0/stm32cubeide/plugins/com.st.stm32cube.ide.mcu.externaltools.gnu-tools-for-stm32.10.3-2021.10.win32_1.0.0.202111181127/tools/bin/../lib/gcc/arm-none-eabi/10.3.1/../../../../arm-none-eabi/lib/thumb/v7e-m+fp/hard\libc_nano.a(lib_a-memset.o)
