../Core/Src/main.c:59:5:__io_putchar	16	static
../Core/Src/main.c:79:6:HAL_UART_TxHalfCpltCallback	24	static
../Core/Src/main.c:86:6:HAL_UART_TxCpltCallback	24	static
../Core/Src/main.c:93:6:HAL_UART_RxHalfCpltCallback	16	static
../Core/Src/main.c:98:6:HAL_UART_RxCpltCallback	16	static
../Core/Src/main.c:109:5:main	8	static
../Core/Src/main.c:167:6:SystemClock_Config	160	static
../Core/Src/main.c:210:6:HAL_GPIO_EXTI_Callback	16	static
../Core/Src/main.c:221:6:Error_Handler	4	static,ignoring_inline_asm
