../Core/Src/main.c:60:5:__io_putchar	16	static
../Core/Src/main.c:81:6:HAL_UART_TxHalfCpltCallback	24	static
../Core/Src/main.c:88:6:HAL_UART_TxCpltCallback	24	static
../Core/Src/main.c:95:6:HAL_UART_RxHalfCpltCallback	16	static
../Core/Src/main.c:100:6:HAL_UART_RxCpltCallback	16	static
../Core/Src/main.c:111:5:main	8	static
../Core/Src/main.c:175:6:SystemClock_Config	160	static
../Core/Src/main.c:219:6:HAL_GPIO_EXTI_Callback	16	static
../Core/Src/main.c:231:6:Error_Handler	4	static,ignoring_inline_asm
